Start:
  id: s1
  status: Completed
List Movies by Title:
  id: s2
  request:
    url: ${baseUrl}/movies?title=Frankenstein
    method: GET
    headers:
      Accept: application/json
  response:
    status:
      code: 200
      message: OK
    headers:
      content-type: application/json; charset=utf-8
    body: |-
      {
        "movies": [
          {
            "credits": [
              {
                "name": "James Whale",
                "role": "director"
              },
              {
                "name": "Boris Karloff",
                "role": "actor"
              },
              {
                "name": "Colin Clive",
                "role": "actor"
              },
              {
                "name": "Mae Clarke",
                "role": "actor"
              },
              {
                "name": "John Boles",
                "role": "actor"
              },
              {
                "name": "Dwight Frye",
                "role": "actor"
              }
            ],
            "description": "Frankenstein solidified Universal's place as the premier horror studio of the era, and stands as the definitive American take on the school of German Expressionism.",
            "id": "e2bca0d",
            "poster": "frank.jpg",
            "rating": 5,
            "title": "Frankenstein",
            "webRef": {
              "ref": "tt0021884",
              "site": "imdb.com"
            },
            "year": 1931
          }
        ]
      }
  status: Completed
Get Movie by ID:
  id: s3
  request:
    url: ${baseUrl}/movies/${@s2.response.body.movies[0].id}
    method: GET
    headers:
      Accept: application/json
  response:
    status:
      code: 200
      message: OK
    headers:
      content-type: application/json; charset=utf-8
    body: |-
      {
        "credits": [
          {
            "name": "James Whale",
            "role": "director"
          },
          {
            "name": "Boris Karloff",
            "role": "actor"
          },
          {
            "name": "Colin Clive",
            "role": "actor"
          },
          {
            "name": "Mae Clarke",
            "role": "actor"
          },
          {
            "name": "John Boles",
            "role": "actor"
          },
          {
            "name": "Dwight Frye",
            "role": "actor"
          }
        ],
        "description": "Frankenstein solidified Universal's place as the premier horror studio of the era, and stands as the definitive American take on the school of German Expressionism.",
        "id": "${@s2.response.body.movies[0].id}",
        "poster": "frank.jpg",
        "rating": 5,
        "title": "Frankenstein",
        "webRef": {
          "ref": "tt0021884",
          "site": "imdb.com"
        },
        "year": 1931
      }
  status: Completed
Stop:
  id: s4
  status: Completed
